// Jest Snapshot v1, https://goo.gl/fbAQLP

exports[`<DropdownWrapper> should render correctly 1`] = `
.c0 {
  margin-top: 0;
  padding: 4px 0;
  border: 1px solid #D1DBE8;
  border-radius: 0px;
  box-shadow: 0 2px 2px 0 #D1DBE8;
  background: #FFF;
  overflow: hidden;
  z-index: 3000;
}

<div
  className="c0"
/>
`;
