// Jest Snapshot v1, https://goo.gl/fbAQLP

exports[`<ApiIcon> should render correctly 1`] = `
.c0 {
  height: 24px;
  width: 24px;
  min-height: 24px;
  min-width: 24px;
  -webkit-user-select: auto;
  -moz-user-select: auto;
  -ms-user-select: auto;
  user-select: auto;
  pointer-events: auto;
  fill: #1C2025;
}

<svg
  className="c0"
  color={null}
  disabled={false}
  role="presentation"
  selected={false}
  size={null}
  viewBox="0 0 24 24"
>
  <g>
    <path
      clipRule="evenodd"
      d="M19.7251 5.1097a4.491 4.491 0 0 1 .7693 1.8591l.4989 2.9597c.121.718-.1129 1.4501-.6278 1.9649l-1.0542 1.0543c-.8787.8787-2.3033.8787-3.182 0L10.826 7.6444c-.8787-.8787-.8787-2.3033 0-3.182l1.0543-1.0542a2.2498 2.2498 0 0 1 1.9649-.6277l2.9597.4988a4.4915 4.4915 0 0 1 1.8596.7697l1.9729-1.9729a.75.75 0 0 1 1.0606 1.0607l-1.9729 1.9729ZM17.19 11.887a.75.75 0 0 0 1.0606 0l1.0543-1.0542a.7499.7499 0 0 0 .2092-.655l-.4988-2.9597a3 3 0 0 0-2.4597-2.4597l-2.9597-.4988a.75.75 0 0 0-.655.2092l-1.0542 1.0543a.75.75 0 0 0 0 1.0606L17.19 11.887ZM10.5611 10.0314a.75.75 0 0 0-1.0606 0l-1.3252 1.3252-.5304-.5304c-.8786-.8787-2.3033-.8787-3.182 0l-1.0544 1.0544a2.25 2.25 0 0 0-.6277 1.9649l.4987 2.9597a4.4915 4.4915 0 0 0 .7695 1.8595L2.076 20.6378a.75.75 0 0 0 1.0606 1.0607l1.9732-1.9731a4.4914 4.4914 0 0 0 1.8595.7695l2.9597.4987a2.25 2.25 0 0 0 1.9649-.6277l1.0544-1.0544c.8787-.8787.8787-2.3033 0-3.182l-.5304-.5304 1.3253-1.3254a.75.75 0 0 0-1.0606-1.0607l-1.3254 1.3254-2.1211-2.1212 1.3251-1.3251a.75.75 0 0 0 0-1.0607Zm-3.9768 1.8555a.75.75 0 0 0-1.0607 0l-1.0544 1.0544a.75.75 0 0 0-.2093.6549l.4987 2.9598a3.0001 3.0001 0 0 0 2.4599 2.4598l2.9597.4987a.75.75 0 0 0 .6549-.2092l1.0545-1.0545a.75.75 0 0 0 0-1.0606l-5.3033-5.3033Z"
      fillRule="evenodd"
    />
  </g>
</svg>
`;
