// Jest Snapshot v1, https://goo.gl/fbAQLP

exports[`<ArrowRightLongIcon> should render correctly 1`] = `
.c0 {
  height: 24px;
  width: 24px;
  min-height: 24px;
  min-width: 24px;
  -webkit-user-select: auto;
  -moz-user-select: auto;
  -ms-user-select: auto;
  user-select: auto;
  pointer-events: auto;
  fill: #1C2025;
}

<svg
  className="c0"
  color={null}
  disabled={false}
  role="presentation"
  selected={false}
  size={null}
  viewBox="0 0 24 24"
>
  <g>
    <path
      d="M16.7197 15.9697a.75.75 0 0 0 0 1.0606.75.75 0 0 0 1.0606 0l4.5-4.5a.75.75 0 0 0 0-1.0606l-4.5-4.5a.75.75 0 0 0-1.0606 1.0607l3.2196 3.2196H2.1964c-.3846 0-.6964.3358-.6964.75s.3118.75.6964.75h17.7429l-3.2196 3.2197Z"
    />
  </g>
</svg>
`;
