// Jest Snapshot v1, https://goo.gl/fbAQLP

exports[`<EngageIcon> should render correctly 1`] = `
.c0 {
  height: 24px;
  width: 24px;
  min-height: 24px;
  min-width: 24px;
  -webkit-user-select: auto;
  -moz-user-select: auto;
  -ms-user-select: auto;
  user-select: auto;
  pointer-events: auto;
  fill: #1C2025;
}

<svg
  className="c0"
  color={null}
  disabled={false}
  role="presentation"
  selected={false}
  size={null}
  viewBox="0 0 24 24"
>
  <g>
    <path
      d="M12 1c1.3668 0 2.5152.935 2.8408 2.2002h2.293c2.0247.0002 3.6658 1.6413 3.666 3.666v2.293C22.065 9.4848 23 10.6332 23 12c0 1.3668-.935 2.5152-2.2002 2.8408v2.293c-.0002 2.0247-1.6413 3.6658-3.666 3.666h-2.293C14.5152 22.065 13.3668 23 12 23c-1.3668 0-2.5152-.935-2.8408-2.2002h-2.293c-2.0247-.0002-3.6658-1.6413-3.666-3.666v-2.293C1.935 14.5152 1 13.3668 1 12c0-1.3668.935-2.5152 2.2002-2.8408v-2.293c.0002-2.0247 1.6413-3.6658 3.666-3.666h2.293C9.4848 1.935 10.6332 1 12 1Zm0 17.5996c-.5428 0-1.0169.2951-1.2705.7334a1.4605 1.4605 0 0 0-.1963.7334c0 .253.064.4915.1768.6992a1.4669 1.4669 0 0 0 1.29.7676c.5429 0 1.0169-.295 1.2705-.7334a1.4612 1.4612 0 0 0 .1963-.7334c0-.253-.0639-.4915-.1768-.6992-.2483-.4571-.7332-.7676-1.29-.7676ZM6.8662 4.667c-1.2146.0002-2.199.9846-2.1992 2.1992v2.293C5.932 9.4849 6.8662 10.6333 6.8662 12c0 1.3667-.9342 2.5151-2.1992 2.8408v2.293c.0002 1.2147.9846 2.199 2.1992 2.1992h2.293c.3257-1.265 1.4741-2.1992 2.8408-2.1992 1.3667 0 2.5151.9342 2.8408 2.1992h2.293c1.2147-.0002 2.199-.9845 2.1992-2.1992v-2.293c-1.265-.3257-2.1992-1.4741-2.1992-2.8408 0-1.3667.9342-2.515 2.1992-2.8408v-2.293c-.0002-1.2146-.9845-2.199-2.1992-2.1992h-2.293C14.5151 5.932 13.3667 6.8662 12 6.8662c-1.3667 0-2.515-.9342-2.8408-2.1992h-2.293ZM12 8.333c2.025 0 3.667 1.642 3.667 3.667S14.025 15.667 12 15.667 8.333 14.025 8.333 12 9.975 8.333 12 8.333Zm0 1.4668c-1.215 0-2.2002.9852-2.2002 2.2002 0 1.215.9852 2.2002 2.2002 2.2002 1.215 0 2.2002-.9852 2.2002-2.2002 0-1.215-.9852-2.2002-2.2002-2.2002Zm-8.0664.7334c-.267 0-.5177.0716-.7334.1963-.4384.2536-.7334.7276-.7334 1.2705 0 .5429.295 1.0169.7334 1.2705.2157.1247.4663.1963.7334.1963.267 0 .5177-.0715.7334-.1963.4383-.2536.7334-.7277.7334-1.2705s-.2951-1.0169-.7334-1.2705a1.4602 1.4602 0 0 0-.7334-.1963Zm16.1328 0c-.267 0-.5177.0715-.7334.1963-.4383.2536-.7334.7277-.7334 1.2705 0 .5568.3105 1.0417.7676 1.29.2077.1129.4462.1768.6992.1768.2671 0 .5177-.0716.7334-.1963.4384-.2536.7334-.7276.7334-1.2705a1.4669 1.4669 0 0 0-.7676-1.29 1.4615 1.4615 0 0 0-.6992-.1768ZM12 2.4668c-.5429 0-1.0169.295-1.2705.7334-.0065.0113-.0133.0227-.0195.0342a1.4616 1.4616 0 0 0-.1768.6992c0 .267.0715.5177.1963.7334.2536.4383.7277.7334 1.2705.7334s1.0169-.2951 1.2705-.7334c.0065-.0113.0133-.0227.0195-.0342a1.4604 1.4604 0 0 0 .1768-.6992c0-.267-.0716-.5177-.1963-.7334-.2536-.4384-.7276-.7334-1.2705-.7334Z"
    />
  </g>
</svg>
`;
