// Jest Snapshot v1, https://goo.gl/fbAQLP

exports[`<GoogleIcon> should render correctly 1`] = `
.c0 {
  height: 24px;
  width: 24px;
  min-height: 24px;
  min-width: 24px;
  -webkit-user-select: auto;
  -moz-user-select: auto;
  -ms-user-select: auto;
  user-select: auto;
  pointer-events: auto;
  fill: #1C2025;
}

<svg
  className="c0"
  color={null}
  disabled={false}
  role="presentation"
  selected={false}
  size={null}
  viewBox="0 0 24 24"
>
  <g>
    <path
      d="M16.161 7.2463c-1.0801-1.0309-2.4326-1.5654-3.9542-1.5654-2.6862 0-4.9686 1.8423-5.7857 4.3241-.2066.63-.329 1.2982-.329 1.995 0 .6968.1222 1.365.3288 1.995l-.0123.0096h.0125c.8171 2.4818 3.0995 4.3241 5.7857 4.3241 1.39 0 2.564-.3818 3.4844-1.0117 1.0989-.7446 1.8315-1.8521 2.0757-3.1598h-5.5603v-4.0663h9.7306c.1221.6872.1878 1.4031.1878 2.1477 0 3.1977-1.1271 5.8895-3.0807 7.7222-1.7094 1.6036-4.048 2.5392-6.8375 2.5392-4.0387 0-7.5233-2.3577-9.2233-5.7845v-.0097C2.279 15.2931 1.875 13.6991 1.875 12s.4039-3.2932 1.1083-4.7059C4.6833 3.8578 8.1681 1.5 12.2068 1.5c2.7895 0 5.1189 1.0404 6.9128 2.7395L16.161 7.2463Z"
    />
  </g>
</svg>
`;
