// Jest Snapshot v1, https://goo.gl/fbAQLP

exports[`<ListenIcon> should render correctly 1`] = `
.c0 {
  height: 24px;
  width: 24px;
  min-height: 24px;
  min-width: 24px;
  -webkit-user-select: auto;
  -moz-user-select: auto;
  -ms-user-select: auto;
  user-select: auto;
  pointer-events: auto;
  fill: #1C2025;
}

<svg
  className="c0"
  color={null}
  disabled={false}
  role="presentation"
  selected={false}
  size={null}
  viewBox="0 0 24 24"
>
  <g>
    <path
      d="M8.25 8.25c0-3.732 3.051-6.75 6.7749-6.75 3.6965 0 6.7251 2.9959 6.7251 6.7005a7.1965 7.1965 0 0 1-1.9181 4.8916l-1.7838 1.9248a3.7982 3.7982 0 0 0-1.0124 2.5817v.5085c0 2.4261-1.9667 4.3929-4.3928 4.3929-2.4262 0-4.3929-1.9668-4.3929-4.3929v-1.868a.75.75 0 0 1 1.5 0v1.868C9.75 19.7048 11.0452 21 12.6429 21c1.5976 0 2.8928-1.2952 2.8928-2.8929v-.5085a5.2982 5.2982 0 0 1 1.4122-3.6013l1.7838-1.9248a5.6965 5.6965 0 0 0 1.5183-3.872C20.25 5.3324 17.9011 3 15.0249 3 12.1213 3 9.75 5.3545 9.75 8.25v.3587a.75.75 0 0 1-1.5 0V8.25ZM2.25 12.375a.75.75 0 0 1 .75-.75h3a.75.75 0 0 1 0 1.5H3a.75.75 0 0 1-.75-.75ZM3.2196 15.8408a.75.75 0 0 0 1.0607 1.0606l1.3713-1.3713a.75.75 0 0 0-1.0607-1.0607l-1.3713 1.3714ZM3.2196 7.7197a.75.75 0 0 0 0 1.0606l1.3713 1.3714A.75.75 0 0 0 5.6516 9.091L4.2803 7.7197a.75.75 0 0 0-1.0607 0Z"
    />
    <path
      d="M15 4.5c-2.0711 0-3.75 1.679-3.75 3.75v1.2562c0 1.0294.8344 1.8638 1.8638 1.8638.245 0 .42.2374.3475.4715l-.6753 2.1789-1.1225 3.3674a.75.75 0 0 0 1.423.4744l1.1275-3.3826.68-2.1941c.3717-1.1993-.5247-2.4155-1.7802-2.4155a.3638.3638 0 0 1-.3638-.3638V8.25C12.75 7.0074 13.7574 6 15 6s2.25 1.0074 2.25 2.25v.06a.75.75 0 0 0 1.5 0v-.06c0-2.071-1.6789-3.75-3.75-3.75Z"
    />
  </g>
</svg>
`;
