// Jest Snapshot v1, https://goo.gl/fbAQLP

exports[`<MicSlashIcon> should render correctly 1`] = `
.c0 {
  height: 24px;
  width: 24px;
  min-height: 24px;
  min-width: 24px;
  -webkit-user-select: auto;
  -moz-user-select: auto;
  -ms-user-select: auto;
  user-select: auto;
  pointer-events: auto;
  fill: #1C2025;
}

<svg
  className="c0"
  color={null}
  disabled={false}
  role="presentation"
  selected={false}
  size={null}
  viewBox="0 0 24 24"
>
  <g>
    <path
      clipRule="evenodd"
      d="M16.5 6.4393V6c0-2.4853-2.0147-4.5-4.5-4.5S7.5 3.5147 7.5 6v6c0 .9719.308 1.8718.832 2.6074L7.26 15.6792A5.974 5.974 0 0 1 6 12v-1.5a.75.75 0 0 0-1.5 0V12c0 1.801.6348 3.4536 1.6928 4.7465l-2.9731 2.9732a.75.75 0 0 0 1.0607 1.0606l16.4999-16.5a.75.75 0 0 0-1.0606-1.0606L16.5 6.4393Zm-1.5 1.5V6c0-1.6569-1.3431-3-3-3S9 4.3431 9 6v6c0 .5564.1515 1.0773.4154 1.524L15 7.9393Z"
      fillRule="evenodd"
    />
    <path
      d="M9.7904 17.58A5.9825 5.9825 0 0 0 12 18c3.3138 0 6-2.6863 6-6v-1.5a.75.75 0 0 1 1.5 0V12c0 3.889-2.96 7.0867-6.75 7.463v2.287a.75.75 0 0 1-1.5 0v-2.287a7.4521 7.4521 0 0 1-2.188-.5603c-.4652-.1983-.541-.7986-.1835-1.1562.2376-.2376.5995-.2903.912-.1665Z"
    />
    <path
      d="M15.75 11.25A.75.75 0 0 0 15 12c0 1.6569-1.3431 3-3 3a.75.75 0 0 0 0 1.5c2.4853 0 4.5-2.0147 4.5-4.5a.75.75 0 0 0-.75-.75Z"
    />
  </g>
</svg>
`;
