// Jest Snapshot v1, https://goo.gl/fbAQLP

exports[`<NewContactIcon> should render correctly 1`] = `
.c0 {
  height: 24px;
  width: 24px;
  min-height: 24px;
  min-width: 24px;
  -webkit-user-select: auto;
  -moz-user-select: auto;
  -ms-user-select: auto;
  user-select: auto;
  pointer-events: auto;
  fill: #1C2025;
}

<svg
  className="c0"
  color={null}
  disabled={false}
  role="presentation"
  selected={false}
  size={null}
  viewBox="0 0 24 24"
>
  <g>
    <path
      d="M3 15v-2.25h-.75a.75.75 0 0 1 0-1.5H3V9h-.75a.75.75 0 0 1 0-1.5H3V6c0-2.4853 2.0147-4.5 4.5-4.5H18c2.4853 0 4.5 2.0147 4.5 4.5v6.75a.75.75 0 0 1-1.5 0V6c0-1.6569-1.3431-3-3-3H7.5c-1.6569 0-3 1.3431-3 3v12c0 1.6569 1.3431 3 3 3h5.25a.75.75 0 0 1 0 1.5H7.5C5.0147 22.5 3 20.4853 3 18v-1.5h-.75a.75.75 0 0 1 0-1.5H3Z"
    />
    <path
      d="M16.1371 14.7753c.3073-.2634.3483-.7303.0286-.9785-.8253-.6409-2.0494-1.0468-3.4157-1.0468-2.4853 0-4.5 1.3431-4.5 3 0 1.4868 1.6223 2.7209 3.7512 2.9587.4117.0459.7488-.2945.7488-.7087s-.3377-.7436-.7476-.8032c-.6571-.0956-1.2083-.3109-1.6023-.5736-.5462-.3641-.6501-.7023-.6501-.8732 0-.1709.104-.5091.6501-.8732.5356-.3572 1.3621-.6268 2.3499-.6268.9878 0 1.8143.2696 2.3499.6268.2754.1836.6615.2206.9128.0052l.1244-.1067Z"
    />
    <path
      clipRule="evenodd"
      d="M12.75 11.25c1.6569 0 3-1.3431 3-3s-1.3431-3-3-3-3 1.3431-3 3 1.3431 3 3 3Zm0-1.5c.8284 0 1.5-.6716 1.5-1.5s-.6716-1.5-1.5-1.5-1.5.6716-1.5 1.5.6716 1.5 1.5 1.5Z"
      fillRule="evenodd"
    />
    <path
      d="M18.75 15a.75.75 0 0 0-.75.75V18h-2.25a.75.75 0 0 0 0 1.5H18v2.25a.75.75 0 0 0 1.5 0V19.5h2.25a.75.75 0 0 0 0-1.5H19.5v-2.25a.75.75 0 0 0-.75-.75Z"
    />
  </g>
</svg>
`;
