// Jest Snapshot v1, https://goo.gl/fbAQLP

exports[`<NewTaskIcon> should render correctly 1`] = `
.c0 {
  height: 24px;
  width: 24px;
  min-height: 24px;
  min-width: 24px;
  -webkit-user-select: auto;
  -moz-user-select: auto;
  -ms-user-select: auto;
  user-select: auto;
  pointer-events: auto;
  fill: #1C2025;
}

<svg
  className="c0"
  color={null}
  disabled={false}
  role="presentation"
  selected={false}
  size={null}
  viewBox="0 0 24 24"
>
  <g>
    <path
      clipRule="evenodd"
      d="M9 1.5c-.8284 0-1.5.6716-1.5 1.5-1.6569 0-3 1.3431-3 3v13.5c0 1.6569 1.3431 3 3 3h5.25a.75.75 0 0 0 0-1.5H7.5c-.8284 0-1.5-.6716-1.5-1.5V6c0-.8284.6716-1.5 1.5-1.5C7.5 5.3284 8.1716 6 9 6h6c.8284 0 1.5-.6716 1.5-1.5.8284 0 1.5.6716 1.5 1.5v6.75a.75.75 0 0 0 1.5 0V6c0-1.6569-1.3431-3-3-3 0-.8284-.6716-1.5-1.5-1.5H9ZM15 3H9v1.5h6V3Z"
      fillRule="evenodd"
    />
    <path
      d="M15.5117 9.2017a.7499.7499 0 0 1 .0366 1.06l-4.2 4.5a.75.75 0 0 1-1.0966 0l-1.8-1.9285a.75.75 0 0 1 1.0966-1.0235L10.8 13.1508l3.6517-3.9125a.75.75 0 0 1 1.06-.0366ZM18 15.75a.75.75 0 0 1 1.5 0V18h2.25a.75.75 0 0 1 0 1.5H19.5v2.25a.75.75 0 0 1-1.5 0V19.5h-2.25a.75.75 0 0 1 0-1.5H18v-2.25Z"
    />
  </g>
</svg>
`;
