// Jest Snapshot v1, https://goo.gl/fbAQLP

exports[`<RandomiseIcon> should render correctly 1`] = `
.c0 {
  height: 24px;
  width: 24px;
  min-height: 24px;
  min-width: 24px;
  -webkit-user-select: auto;
  -moz-user-select: auto;
  -ms-user-select: auto;
  user-select: auto;
  pointer-events: auto;
  fill: #1C2025;
}

<svg
  className="c0"
  color={null}
  disabled={false}
  role="presentation"
  selected={false}
  size={null}
  viewBox="0 0 24 24"
>
  <g>
    <path
      d="M18.5303 2.4697a.75.75 0 0 0-1.0606 1.0607L19.9393 6H16.084a2.25 2.25 0 0 0-1.7386.8218l-3.2561 3.964L8.175 6.9a2.25 2.25 0 0 0-1.8-.9H2.25a.75.75 0 0 0 0 1.5h4.125a.75.75 0 0 1 .6.3l3.1342 4.1789-3.4887 4.2472a.75.75 0 0 1-.5795.2739H2.25a.75.75 0 0 0 0 1.5h3.791a2.25 2.25 0 0 0 1.7386-.8218l3.2561-3.964L13.95 17.1c.4249.5666 1.0918.9 1.8.9h4.1893l-2.4696 2.4697a.75.75 0 0 0 0 1.0606.75.75 0 0 0 1.0606 0l3.2197-3.2196c.5858-.5858.5858-1.5356 0-2.1214l-3.2197-3.2196a.75.75 0 0 0-1.0606 0 .75.75 0 0 0 0 1.0606L19.9393 16.5H15.75a.7498.7498 0 0 1-.6-.3l-3.1342-4.1789 3.4887-4.2472A.75.75 0 0 1 16.084 7.5h3.8553l-2.4696 2.4697a.75.75 0 1 0 1.0606 1.0606L21.75 7.8107c.5858-.5858.5858-1.5356 0-2.1214l-3.2197-3.2196Z"
    />
  </g>
</svg>
`;
