// Jest Snapshot v1, https://goo.gl/fbAQLP

exports[`<RedoIcon> should render correctly 1`] = `
.c0 {
  height: 24px;
  width: 24px;
  min-height: 24px;
  min-width: 24px;
  -webkit-user-select: auto;
  -moz-user-select: auto;
  -ms-user-select: auto;
  user-select: auto;
  pointer-events: auto;
  fill: #1C2025;
}

<svg
  className="c0"
  color={null}
  disabled={false}
  role="presentation"
  selected={false}
  size={null}
  viewBox="0 0 24 24"
>
  <g>
    <path
      d="M18.5303 3.9697a.75.75 0 0 0-1.0606 1.0607L19.9393 7.5H7.875C4.3542 7.5 1.5 10.3542 1.5 13.875s2.8542 6.375 6.375 6.375h3.735a.75.75 0 0 0 0-1.5H7.875C5.1826 18.75 3 16.5674 3 13.875S5.1826 9 7.875 9h12.0643l-2.4696 2.4697a.75.75 0 0 0 0 1.0606.75.75 0 0 0 1.0606 0l3.75-3.75a.75.75 0 0 0 0-1.0606l-3.75-3.75Z"
    />
  </g>
</svg>
`;
