// Jest Snapshot v1, https://goo.gl/fbAQLP

exports[`<StartWhisperIcon> should render correctly 1`] = `
.c0 {
  height: 24px;
  width: 24px;
  min-height: 24px;
  min-width: 24px;
  -webkit-user-select: auto;
  -moz-user-select: auto;
  -ms-user-select: auto;
  user-select: auto;
  pointer-events: auto;
  fill: #1C2025;
}

<svg
  className="c0"
  color={null}
  disabled={false}
  role="presentation"
  selected={false}
  size={null}
  viewBox="0 0 24 24"
>
  <g>
    <path
      d="M6.75 8.25C6.75 5.3505 9.1005 3 12 3s5.25 2.3505 5.25 5.25v.3231a6.0001 6.0001 0 0 1-1.6308 4.1122l-.1695.18a8.654 8.654 0 0 0-2.1688 4.1596l-.3084 1.4743C12.6678 19.9563 11.3831 21 9.8945 21 8.158 21 6.75 19.5921 6.75 17.8555V16.5a.75.75 0 0 0-1.5 0v1.3555c0 2.5651 2.0794 4.6445 4.6446 4.6445 2.1986 0 4.096-1.5416 4.5461-3.6937l.3084-1.4744a7.154 7.154 0 0 1 1.7929-3.4385l.1695-.1801A7.4999 7.4999 0 0 0 18.75 8.5731V8.25c0-3.728-3.0221-6.75-6.75-6.75-3.728 0-6.75 3.022-6.75 6.75a.75.75 0 0 0 1.5 0Z"
    />
    <path
      d="M12 4.5c-2.071 0-3.75 1.679-3.75 3.75v2.625c0 .6213.5037 1.125 1.125 1.125h.375a.75.75 0 0 1 0 1.5h-.375c-.6213 0-1.125.5037-1.125 1.125V16.5a.75.75 0 0 0 1.5 0V15c1.2426 0 2.25-1.0074 2.25-2.25s-1.0074-2.25-2.25-2.25V8.25C9.75 7.0074 10.7574 6 12 6s2.25 1.0074 2.25 2.25a.75.75 0 0 0 1.5 0c0-2.071-1.6789-3.75-3.75-3.75Z"
    />
  </g>
</svg>
`;
