// Jest Snapshot v1, https://goo.gl/fbAQLP

exports[`<StopWhisperIcon> should render correctly 1`] = `
.c0 {
  height: 24px;
  width: 24px;
  min-height: 24px;
  min-width: 24px;
  -webkit-user-select: auto;
  -moz-user-select: auto;
  -ms-user-select: auto;
  user-select: auto;
  pointer-events: auto;
  fill: #1C2025;
}

<svg
  className="c0"
  color={null}
  disabled={false}
  role="presentation"
  selected={false}
  size={null}
  viewBox="0 0 24 24"
>
  <g>
    <path
      clipRule="evenodd"
      d="M6.75 8.25C6.75 5.3505 9.1005 3 12 3c2.1464 0 3.992 1.288 4.8059 3.1334l-1.1751 1.1751C15.2132 5.6931 13.7459 4.5 12 4.5c-2.071 0-3.75 1.679-3.75 3.75v2.625c0 .6213.5037 1.125 1.125 1.125h.375a.7502.7502 0 0 1 .7025.4868L9.4393 13.5H9.375c-.6213 0-1.125.5037-1.125 1.125v.0643l-1.5475 1.5475A.7503.7503 0 0 0 5.25 16.5v1.1893l-3.5303 3.5304a.75.75 0 0 0 1.0607 1.0606l.1937-.1938a.7531.7531 0 0 1 .0956-.1168L22.376 2.6635a.75.75 0 0 0-1.1562-.9438L17.9252 5.014C16.7792 2.92 14.5554 1.5 12 1.5c-3.728 0-6.75 3.022-6.75 6.75a.75.75 0 0 0 1.5 0Zm7.5875.3519-2.792 2.7919c-.4108-.543-1.0622-.8938-1.7955-.8938V8.25C9.75 7.0074 10.7574 6 12 6s2.25 1.0074 2.25 2.25a.746.746 0 0 0 .0875.3519Z"
      fillRule="evenodd"
    />
    <path
      d="m18.75 8.4107-1.7005 1.7005a5.9992 5.9992 0 0 1-1.4303 2.5741l-.1695.18a8.654 8.654 0 0 0-2.1688 4.1596l-.3084 1.4743C12.6678 19.9563 11.3831 21 9.8945 21c-1.0185 0-1.924-.4843-2.4986-1.2352l-1.067 1.067c.852 1.0196 2.133 1.6682 3.5657 1.6682 2.1986 0 4.096-1.5416 4.5461-3.6937l.3084-1.4744a7.154 7.154 0 0 1 1.7929-3.4385l.1695-.1801A7.4999 7.4999 0 0 0 18.75 8.5731v-.1624Z"
    />
  </g>
</svg>
`;
