// Jest Snapshot v1, https://goo.gl/fbAQLP

exports[`<BackwardsSolidIcon> should render correctly 1`] = `
.c0 {
  height: 24px;
  width: 24px;
  min-height: 24px;
  min-width: 24px;
  -webkit-user-select: auto;
  -moz-user-select: auto;
  -ms-user-select: auto;
  user-select: auto;
  pointer-events: auto;
  fill: #1C2025;
}

<svg
  className="c0"
  color={null}
  disabled={false}
  role="presentation"
  selected={false}
  size={null}
  viewBox="0 0 24 24"
>
  <g>
    <path
      clipRule="evenodd"
      d="m11.5986 10.8 7.2428-4.3457a.5.5 0 0 1 .7572.4288v10.2338a.5.5 0 0 1-.7572.4287L11.5986 13.2v3.8657a.5002.5002 0 0 1-.7773.4161L3.2227 12.416a.5.5 0 0 1 0-.832l7.5986-5.0658a.5.5 0 0 1 .7773.416V10.8Z"
      fillRule="evenodd"
    />
  </g>
</svg>
`;
