// Jest Snapshot v1, https://goo.gl/fbAQLP

exports[`<BackwardsIcon> should render correctly 1`] = `
.c0 {
  height: 24px;
  width: 24px;
  min-height: 24px;
  min-width: 24px;
  -webkit-user-select: auto;
  -moz-user-select: auto;
  -ms-user-select: auto;
  user-select: auto;
  pointer-events: auto;
  fill: #1C2025;
}

<svg
  className="c0"
  color={null}
  disabled={false}
  role="presentation"
  selected={false}
  size={null}
  viewBox="0 0 24 24"
>
  <g>
    <path
      clipRule="evenodd"
      d="M17.5986 14.4676 13.4859 12l4.1127-2.4676v4.9352Zm1.2428-8.0133L11.5986 10.8V6.9342a.5.5 0 0 0-.7773-.416L3.2227 11.584a.5.5 0 0 0 0 .832l7.5986 5.0658a.5002.5002 0 0 0 .7773-.4161V13.2l7.2428 4.3456a.5.5 0 0 0 .7572-.4287V6.8831a.5.5 0 0 0-.7572-.4288ZM6.2042 12l3.3944 2.263V9.737L6.2042 12Z"
      fillRule="evenodd"
    />
  </g>
</svg>
`;
