// Jest Snapshot v1, https://goo.gl/fbAQLP

exports[`<CheckVirusIcon> should render correctly 1`] = `
.c0 {
  height: 24px;
  width: 24px;
  min-height: 24px;
  min-width: 24px;
  -webkit-user-select: auto;
  -moz-user-select: auto;
  -ms-user-select: auto;
  user-select: auto;
  pointer-events: auto;
  fill: #1C2025;
}

<svg
  className="c0"
  color={null}
  disabled={false}
  role="presentation"
  selected={false}
  size={null}
  viewBox="0 0 24 24"
>
  <g>
    <path
      clipRule="evenodd"
      d="M3.0002 6c3.9837-.567 6.0216-1.0024 9-4 2.9841 3.0024 5.0163 3.433 9 4 1.6716.238-1.4632 16-9 16-7.466 0-10.6716-15.762-9-16ZM4.637 8.361c.1749 1.4512.6408 3.2862 1.3035 5.0108C7.5225 17.4888 9.7675 20 12.0002 20c2.2649 0 4.5118-2.5072 6.0849-6.6246.658-1.7224 1.1179-3.5559 1.2875-5.0072.0247-.2116.0422-.408.0529-.5855-3.4371-.5672-5.3343-1.2827-7.4254-3.0513-2.0885 1.7655-3.9886 2.483-7.4179 3.05.0115.1759.0296.3704.0548.5797ZM8.1263 11h-.126c-.5523 0-1 .4477-1 1s.4476 1 1 1h.126c.3617 1.4056 1.4683 2.5122 2.8739 2.874V16c0 .5523.4478 1 1 1 .5523 0 1-.4477 1-1v-.126c1.4056-.3618 2.5122-1.4684 2.874-2.874h.126c.5523 0 1-.4477 1-1s-.4477-1-1-1h-.126c-.3618-1.4056-1.4684-2.5122-2.874-2.874V8c0-.5523-.4477-1-1-1-.5522 0-1 .4477-1 1v.126C9.5946 8.4878 8.488 9.5944 8.1262 11Zm3.8739 3c1.1046 0 2-.8954 2-2s-.8954-2-2-2c-1.1045 0-2 .8954-2 2s.8955 2 2 2Zm1-2c0 .5523-.4477 1-1 1-.5522 0-1-.4477-1-1s.4478-1 1-1c.5523 0 1 .4477 1 1Z"
      fillRule="evenodd"
    />
  </g>
</svg>
`;
