// Jest Snapshot v1, https://goo.gl/fbAQLP

exports[`<ComputerWithPhoneIcon> should render correctly 1`] = `
.c0 {
  height: 24px;
  width: 24px;
  min-height: 24px;
  min-width: 24px;
  -webkit-user-select: auto;
  -moz-user-select: auto;
  -ms-user-select: auto;
  user-select: auto;
  pointer-events: auto;
  fill: #1C2025;
}

<svg
  className="c0"
  color={null}
  disabled={false}
  role="presentation"
  selected={false}
  size={null}
  viewBox="0 0 24 24"
>
  <g>
    <path
      clipRule="evenodd"
      d="M4 5v12h16V5H4Zm0-2h16c1.1046 0 2 .8954 2 2v12c0 1.1046-.8954 2-2 2h-3c.5523 0 1 .4477 1 1s-.4477 1-1 1H7c-.5523 0-1-.4477-1-1s.4477-1 1-1H4c-1.1046 0-2-.8954-2-2V5c0-1.1046.8954-2 2-2Zm6.5262 9.5178C9.1345 11.1119 7.9979 8.3899 8.594 7.4211c.411-.668 2.2447-.5869 2.7379-.0807.3261.3346.5831 1.78.4986 2.2024-.0261.1307-.2111.3088-.36.4521a6.4989 6.4989 0 0 0-.0876.0853c-.1481.1481.3491.6517.6391.9418l.0094.0094.0093.0093c.29.2899.7936.7872.9418.6391.0263-.0264.055-.0562.0853-.0876.1433-.1489.3213-.3339.452-.3601.4225-.0844 1.8679.1726 2.2025.4987.5061.4932.5874 2.3268-.0807 2.7379-.9688.5961-3.6909-.5405-5.0967-1.9323v.0001l-.0094-.0094-.0093-.0093Z"
      fillRule="evenodd"
    />
  </g>
</svg>
`;
