// Jest Snapshot v1, https://goo.gl/fbAQLP

exports[`<CrownSolidIcon> should render correctly 1`] = `
.c0 {
  height: 24px;
  width: 24px;
  min-height: 24px;
  min-width: 24px;
  -webkit-user-select: auto;
  -moz-user-select: auto;
  -ms-user-select: auto;
  user-select: auto;
  pointer-events: auto;
  fill: #1C2025;
}

<svg
  className="c0"
  color={null}
  disabled={false}
  role="presentation"
  selected={false}
  size={null}
  viewBox="0 0 24 24"
>
  <g>
    <path
      clipRule="evenodd"
      d="M14 4c0 .8574-.5395 1.5888-1.2976 1.8732l1.5262 4.0698.7169 1.9116c.0619.0746.1253.0746.1643.0356l1.4437-1.4437 2.0323-2.0323A1.9939 1.9939 0 0 1 18 7c0-1.1046.8954-2 2-2s2 .8954 2 2-.8954 2-2 2a2.0293 2.0293 0 0 1-.1661-.0068L19 19c0 1.1046-.8954 2-2 2H7c-1.1046 0-2-.8954-2-2L4.1661 8.9932A2.0282 2.0282 0 0 1 4 9c-1.1046 0-2-.8954-2-2s.8954-2 2-2 2 .8954 2 2a1.9937 1.9937 0 0 1-.5858 1.4142l2.0323 2.0323 1.4437 1.4437c.0873.0423.145.0161.1643-.0356l.7169-1.9116 1.5262-4.0698C10.5395 5.5888 10 4.8574 10 4c0-1.1046.8954-2 2-2s2 .8954 2 2Z"
      fillRule="evenodd"
    />
  </g>
</svg>
`;
