// Jest Snapshot v1, https://goo.gl/fbAQLP

exports[`<DashboardIcon> should render correctly 1`] = `
.c0 {
  height: 24px;
  width: 24px;
  min-height: 24px;
  min-width: 24px;
  -webkit-user-select: auto;
  -moz-user-select: auto;
  -ms-user-select: auto;
  user-select: auto;
  pointer-events: auto;
  fill: #1C2025;
}

<svg
  className="c0"
  color={null}
  disabled={false}
  role="presentation"
  selected={false}
  size={null}
  viewBox="0 0 24 24"
>
  <g>
    <path
      clipRule="evenodd"
      d="M10 2H4c-.5523 0-1 .4477-1 1v9c0 .5523.4477 1 1 1h6c.5523 0 1-.4477 1-1V3c0-.5523-.4477-1-1-1Zm-5 9V4h4v7H5Zm9 0h6c.5523 0 1 .4477 1 1v9c0 .5523-.4477 1-1 1h-6c-.5523 0-1-.4477-1-1v-9c0-.5523.4477-1 1-1Zm1 9v-7h4v7h-4ZM4 15h6c.5523 0 1 .4477 1 1v5c0 .5523-.4477 1-1 1H4c-.5523 0-1-.4477-1-1v-5c0-.5523.4477-1 1-1Zm1 5v-3h4v3H5Zm9-18h6c.5523 0 1 .4477 1 1v5c0 .5523-.4477 1-1 1h-6c-.5523 0-1-.4477-1-1V3c0-.5523.4477-1 1-1Zm1 5V4h4v3h-4Z"
      fillRule="evenodd"
    />
  </g>
</svg>
`;
