// Jest Snapshot v1, https://goo.gl/fbAQLP

exports[`<DatabaseIcon> should render correctly 1`] = `
.c0 {
  height: 24px;
  width: 24px;
  min-height: 24px;
  min-width: 24px;
  -webkit-user-select: auto;
  -moz-user-select: auto;
  -ms-user-select: auto;
  user-select: auto;
  pointer-events: auto;
  fill: #1C2025;
}

<svg
  className="c0"
  color={null}
  disabled={false}
  role="presentation"
  selected={false}
  size={null}
  viewBox="0 0 24 24"
>
  <g>
    <path
      clipRule="evenodd"
      d="M21 2H3c-.5523 0-1 .4477-1 1v4c0 .5523.4477 1 1 1h18c.5523 0 1-.4477 1-1V3c0-.5523-.4477-1-1-1ZM4 6V4h2v2H4Zm4 0V4h2v2H8Zm4 0h8V4h-8v2ZM2 10c0-.5523.4477-1 1-1h18c.5523 0 1 .4477 1 1v4c0 .5523-.4477 1-1 1H3c-.5523 0-1-.4477-1-1v-4Zm2 3v-2h2v2H4Zm4 0v-2h2v2H8Zm4 0v-2h8v2h-8ZM2 17c0-.5523.4477-1 1-1h18c.5523 0 1 .4477 1 1v4c0 .5523-.4477 1-1 1H3c-.5523 0-1-.4477-1-1v-4Zm2 3v-2h2v2H4Zm4 0h2v-2H8v2Zm4 0h8v-2h-8v2Z"
      fillRule="evenodd"
    />
  </g>
</svg>
`;
