// Jest Snapshot v1, https://goo.gl/fbAQLP

exports[`<DndIcon> should render correctly 1`] = `
.c0 {
  height: 24px;
  width: 24px;
  min-height: 24px;
  min-width: 24px;
  -webkit-user-select: auto;
  -moz-user-select: auto;
  -ms-user-select: auto;
  user-select: auto;
  pointer-events: auto;
  fill: #1C2025;
}

<svg
  className="c0"
  color={null}
  disabled={false}
  role="presentation"
  selected={false}
  size={null}
  viewBox="0 0 24 24"
>
  <g>
    <rect
      height="14.4"
      rx="2"
      transform="rotate(90 19.2 9.6001)"
      width="4.8"
      x="19.2"
      y="9.6001"
    />
  </g>
</svg>
`;
