// Jest Snapshot v1, https://goo.gl/fbAQLP

exports[`<FilterIcon> should render correctly 1`] = `
.c0 {
  height: 24px;
  width: 24px;
  min-height: 24px;
  min-width: 24px;
  -webkit-user-select: auto;
  -moz-user-select: auto;
  -ms-user-select: auto;
  user-select: auto;
  pointer-events: auto;
  fill: #1C2025;
}

<svg
  className="c0"
  color={null}
  disabled={false}
  role="presentation"
  selected={false}
  size={null}
  viewBox="0 0 24 24"
>
  <g>
    <path
      clipRule="evenodd"
      d="M20 2H4c-1.1046 0-2 .8954-2 2v4l7 6v8l6-2.5V14l7-6V4c0-1.1046-.8954-2-2-2Zm-1.0732 6H5.0732L11 13.0801V19l2-.8333v-5.0866L18.9268 8ZM20 6H4V4h16v2Z"
      fillRule="evenodd"
    />
  </g>
</svg>
`;
