// Jest Snapshot v1, https://goo.gl/fbAQLP

exports[`<HearSolidIcon> should render correctly 1`] = `
.c0 {
  height: 24px;
  width: 24px;
  min-height: 24px;
  min-width: 24px;
  -webkit-user-select: auto;
  -moz-user-select: auto;
  -ms-user-select: auto;
  user-select: auto;
  pointer-events: auto;
  fill: #1C2025;
}

<svg
  className="c0"
  color={null}
  disabled={false}
  role="presentation"
  selected={false}
  size={null}
  viewBox="0 0 24 24"
>
  <g>
    <path
      clipRule="evenodd"
      d="M9 13c-1.7151 0-3.2285-.8636-4.1292-2.1796C2.7785 11.9272 2 14.1537 2 17.5c0 1.6667.5833 2.5 1.75 2.5h10.5c1.1667 0 1.75-.8333 1.75-2.5 0-3.3463-.7785-5.5728-2.8708-6.6796C12.2285 12.1364 10.7151 13 9 13Zm8-2c-1.6569 0-3-1.3431-3-3s1.3431-3 3-3v2c-.5523 0-1 .4477-1 1s.4477 1 1 1v2Zm5-7c-2.2091 0-4 1.7909-4 4 0 2.2091 1.7909 4 4 4v-2c-1.1046 0-2-.8954-2-2s.8954-2 2-2V4ZM5 8c0 2.2091 1.7909 4 4 4 2.2091 0 4-1.7909 4-4 0-2.2091-1.7909-4-4-4-2.2091 0-4 1.7909-4 4Z"
      fillRule="evenodd"
    />
  </g>
</svg>
`;
