// Jest Snapshot v1, https://goo.gl/fbAQLP

exports[`<NotePlusIcon> should render correctly 1`] = `
.c0 {
  height: 24px;
  width: 24px;
  min-height: 24px;
  min-width: 24px;
  -webkit-user-select: auto;
  -moz-user-select: auto;
  -ms-user-select: auto;
  user-select: auto;
  pointer-events: auto;
  fill: #1C2025;
}

<svg
  className="c0"
  color={null}
  disabled={false}
  role="presentation"
  selected={false}
  size={null}
  viewBox="0 0 24 24"
>
  <g>
    <path
      clipRule="evenodd"
      d="M15.5858 2H5c-.5523 0-1 .4477-1 1v18c0 .5523.4477 1 1 1h14c.5523 0 1-.4477 1-1V6.4142c0-.2652-.1054-.5196-.2929-.707l-3.4142-3.4143A1 1 0 0 0 15.5858 2ZM13 7V4H6v16h12V9h-3c-1.1046 0-2-.8954-2-2Zm2 0h3v-.1716L15.1716 4H15v3Zm-4 4c0-.5523.4477-1 1-1s1 .4477 1 1v2h2c.5523 0 1 .4477 1 1s-.4477 1-1 1h-2v2c0 .5523-.4477 1-1 1s-1-.4477-1-1v-2H9c-.5523 0-1-.4477-1-1s.4477-1 1-1h2v-2Z"
      fillRule="evenodd"
    />
  </g>
</svg>
`;
