// Jest Snapshot v1, https://goo.gl/fbAQLP

exports[`<PlayCircleSolidIcon> should render correctly 1`] = `
.c0 {
  height: 24px;
  width: 24px;
  min-height: 24px;
  min-width: 24px;
  -webkit-user-select: auto;
  -moz-user-select: auto;
  -ms-user-select: auto;
  user-select: auto;
  pointer-events: auto;
  fill: #1C2025;
}

<svg
  className="c0"
  color={null}
  disabled={false}
  role="presentation"
  selected={false}
  size={null}
  viewBox="0 0 24 24"
>
  <g>
    <path
      clipRule="evenodd"
      d="M2 12c0 5.5228 4.4771 10 10 10 5.5228 0 10-4.4772 10-10 0-5.5229-4.4772-10-10-10C6.4771 2 2 6.4771 2 12Zm8.6 4.8 5.3333-4a1 1 0 0 0 .2-.2c.3314-.4418.2419-1.0686-.2-1.4L10.6 7.2A1 1 0 0 0 10 7c-.5523 0-1 .4477-1 1v8a1 1 0 0 0 .2.6c.3314.4418.9582.5314 1.4.2Z"
      fillRule="evenodd"
    />
  </g>
</svg>
`;
