// Jest Snapshot v1, https://goo.gl/fbAQLP

exports[`<PlusLargeIcon> should render correctly 1`] = `
.c0 {
  height: 24px;
  width: 24px;
  min-height: 24px;
  min-width: 24px;
  -webkit-user-select: auto;
  -moz-user-select: auto;
  -ms-user-select: auto;
  user-select: auto;
  pointer-events: auto;
  fill: #1C2025;
}

<svg
  className="c0"
  color={null}
  disabled={false}
  role="presentation"
  selected={false}
  size={null}
  viewBox="0 0 24 24"
>
  <g>
    <path
      clipRule="evenodd"
      d="M12 2c-.5523 0-1 .4477-1 1v8H3c-.5523 0-1 .4477-1 1s.4477 1 1 1h8v8c0 .5523.4477 1 1 1s1-.4477 1-1v-8h8c.5523 0 1-.4477 1-1s-.4477-1-1-1h-8V3c0-.5523-.4477-1-1-1Z"
      fillRule="evenodd"
    />
  </g>
</svg>
`;
