// Jest Snapshot v1, https://goo.gl/fbAQLP

exports[`<PopOutSolidIcon> should render correctly 1`] = `
.c0 {
  height: 24px;
  width: 24px;
  min-height: 24px;
  min-width: 24px;
  -webkit-user-select: auto;
  -moz-user-select: auto;
  -ms-user-select: auto;
  user-select: auto;
  pointer-events: auto;
  fill: #1C2025;
}

<svg
  className="c0"
  color={null}
  disabled={false}
  role="presentation"
  selected={false}
  size={null}
  viewBox="0 0 24 24"
>
  <g>
    <path
      clipRule="evenodd"
      d="M8 2h12c1.1046 0 2 .8954 2 2v12c0 1.1046-.8954 2-2 2h-2v2c0 1.1046-.8954 2-2 2H4c-1.1046 0-2-.8954-2-2V8c0-1.1046.8954-2 2-2h2V4c0-1.1046.8954-2 2-2ZM6 16c0 1.1046.8954 2 2 2h8v2H4V8h2v8Zm6-10c-.5523 0-1 .4477-1 1s.4477 1 1 1h2.5229l-4.217 4.217c-.4079.4079-.4079 1.0692 0 1.4771.4079.4079 1.0692.4079 1.4771 0L16 9.4771V12c0 .5523.4477 1 1 1s1-.4477 1-1V7c0-.5523-.4477-1-1-1h-5Z"
      fillRule="evenodd"
    />
  </g>
</svg>
`;
