// Jest Snapshot v1, https://goo.gl/fbAQLP

exports[`<ResetIcon> should render correctly 1`] = `
.c0 {
  height: 24px;
  width: 24px;
  min-height: 24px;
  min-width: 24px;
  -webkit-user-select: auto;
  -moz-user-select: auto;
  -ms-user-select: auto;
  user-select: auto;
  pointer-events: auto;
  fill: #1C2025;
}

<svg
  className="c0"
  color={null}
  disabled={false}
  role="presentation"
  selected={false}
  size={null}
  viewBox="0 0 24 24"
>
  <g>
    <path
      clipRule="evenodd"
      d="M18 2.55c0-.5523.4477-1 1-1s1 .4477 1 1v4c0 .5523-.4477 1-1 1h-4c-.5523 0-1-.4477-1-1s.4477-1 1-1h1.7342C15.3798 4.5532 13.7353 4 12 4 7.9248 4 4.5613 7.047 4.0635 10.9872a.2096.2096 0 0 1-.001.0128C4 11.555 4 12 4 12c0 .5523-.4477 1-1 1s-1-.4477-1-1C2 6.4771 6.4771 2 12 2c2.2512 0 4.3287.7439 6 1.9992V2.55ZM20 12c0-.5523.4477-1 1-1s1 .4477 1 1c0 5.5228-4.4772 10-10 10-2.2512 0-4.3287-.7439-6-1.9993V21.45c0 .5523-.4477 1-1 1s-1-.4477-1-1v-4c0-.5523.4477-1 1-1h4c.5523 0 1 .4477 1 1s-.4477 1-1 1H7.2658C8.6202 19.4468 10.2647 20 12 20c4.0752 0 7.4388-3.0471 7.9365-6.9873A.1984.1984 0 0 1 19.9376 13C20 12.445 20 12 20 12Z"
      fillRule="evenodd"
    />
  </g>
</svg>
`;
