// Jest Snapshot v1, https://goo.gl/fbAQLP

exports[`<SortIcon> should render correctly 1`] = `
.c0 {
  height: 24px;
  width: 24px;
  min-height: 24px;
  min-width: 24px;
  -webkit-user-select: auto;
  -moz-user-select: auto;
  -ms-user-select: auto;
  user-select: auto;
  pointer-events: auto;
  fill: #1C2025;
}

<svg
  className="c0"
  color={null}
  disabled={false}
  role="presentation"
  selected={false}
  size={null}
  viewBox="0 0 24 24"
>
  <g>
    <path
      clipRule="evenodd"
      d="M11.2929 3.707c.3905-.3904 1.0237-.3904 1.4142 0l5.5858 5.5859c.63.63.1838 1.7071-.7071 1.7071H6.4142c-.8909 0-1.337-1.0772-.707-1.7071l5.5857-5.5858Zm0 16.5859c.3905.3905 1.0237.3905 1.4142 0l5.5858-5.5858c.63-.63.1838-1.7071-.7071-1.7071H6.4142c-.8909 0-1.337 1.0771-.707 1.7071l5.5857 5.5858Z"
      fillRule="evenodd"
    />
  </g>
</svg>
`;
