// Jest Snapshot v1, https://goo.gl/fbAQLP

exports[`<StarIcon> should render correctly 1`] = `
.c0 {
  height: 24px;
  width: 24px;
  min-height: 24px;
  min-width: 24px;
  -webkit-user-select: auto;
  -moz-user-select: auto;
  -ms-user-select: auto;
  user-select: auto;
  pointer-events: auto;
  fill: #1C2025;
}

<svg
  className="c0"
  color={null}
  disabled={false}
  role="presentation"
  selected={false}
  size={null}
  viewBox="0 0 24 24"
>
  <g>
    <path
      clipRule="evenodd"
      d="m5.5346 21.8992 6.4656-3.2375 6.4656 3.2375-1.081-7.1496 5.077-5.1488-7.1337-1.1812L12.0002 2 8.6723 8.4196 1.5386 9.6008l5.077 5.1488-1.081 7.1496Zm10.3769-3.5157-3.9113-1.9585-3.9113 1.9585.654-4.3251-3.0714-3.1147 4.3155-.7146 2.0132-3.8834 2.0132 3.8834 4.3154.7146-3.0713 3.1147.654 4.3251Z"
      fillRule="evenodd"
    />
  </g>
</svg>
`;
