// Jest Snapshot v1, https://goo.gl/fbAQLP

exports[`<ThumbsDownSolidIcon> should render correctly 1`] = `
.c0 {
  height: 24px;
  width: 24px;
  min-height: 24px;
  min-width: 24px;
  -webkit-user-select: auto;
  -moz-user-select: auto;
  -ms-user-select: auto;
  user-select: auto;
  pointer-events: auto;
  fill: #1C2025;
}

<svg
  className="c0"
  color={null}
  disabled={false}
  role="presentation"
  selected={false}
  size={null}
  viewBox="0 0 24 24"
>
  <g>
    <path
      d="m9.2383 3.7446-3.0255.3647L3.255 7.9505v4.3834l3.2715 3.1054.8832.5157-.1076.7185c-3.07-.9393-5.3026-3.7954-5.3026-7.173 0-1.991.7759-3.8009 2.0418-5.1437 1.266-1.3428 3.0219-2.2185 4.982-2.3413l-.0238-.015h8.5c1.3807 0 2.5 1.1194 2.5 2.5 0 .2915-.0498.5712-.1415.8313.6822.4314 1.1415 1.2411 1.1415 2.1688 0 .3155-.0531.6174-.1501.8954.6918.4446 1.1501 1.221 1.1501 2.1046 0 .8886-.4636 1.6689-1.1622 2.1123.1048.2759.1622.5751.1622.8877 0 1.3807-1.1193 2.5-2.5 2.5l-3.4822-.4941c1.4336 3.0585 1.3688 5.2575-.6171 6.2075-.9978.4773-1.921.3523-2.5932-.3437-.4057-.4201-.5954-.8167-.9679-1.7974-.2649-.6973-.3969-.9731-.537-1.1182-.5458-.5652-1.5058-1.1503-2.8739-1.7265l-.14-.0589c-3.0628-.9437-5.2887-3.7962-5.2887-7.1687 0-1.9911.7759-3.801 2.0418-5.1438C5.409 2.906 7.3485 2.0005 9.4995 2.0005l-.2612 1.744Z"
    />
  </g>
</svg>
`;
