// Jest Snapshot v1, https://goo.gl/fbAQLP

exports[`<ThumbsUpIcon> should render correctly 1`] = `
.c0 {
  height: 24px;
  width: 24px;
  min-height: 24px;
  min-width: 24px;
  -webkit-user-select: auto;
  -moz-user-select: auto;
  -ms-user-select: auto;
  user-select: auto;
  pointer-events: auto;
  fill: #1C2025;
}

<svg
  className="c0"
  color={null}
  disabled={false}
  role="presentation"
  selected={false}
  size={null}
  viewBox="0 0 24 24"
>
  <g>
    <path
      clipRule="evenodd"
      d="M18.7268 13.9996h.7728a.5.5 0 0 0 0-1h-2.5c-.5523 0-1-.4477-1-1s.4477-1 1-1h1.501a.5.5 0 0 0 .0864-.9924l-3.8738.5497.0011.0012s-1.8836.2875-2.2629.1554c-.53-.1844.043-1.5547.2727-2.0546l-.0018-.0008.4316-.9021c1.0788-2.2553 1.0598-3.342.3833-3.6656l-.0432-.0207c-.1473-.0707-.1877-.09-.2151-.0785-.0104.0044-.0189.0132-.0306.0254l-.0025.0026c-.1402.1451-.2721.421-.537 1.1183-.3726.9807-.5623 1.3772-.9679 1.7973-.7641.7913-1.9408 1.5084-3.5364 2.1803l-1.4547.6188-.022.0094L6.5067 7.66l.7816-.3292.14-.059c1.368-.5761 2.3281-1.1612 2.8739-1.7264.1401-.145.272-.4209.5369-1.1183.3726-.9806.5623-1.3772.968-1.7973.6722-.696 1.5953-.821 2.5931-.3437 1.986.95 2.0508 3.149.6172 6.2075l3.4822-.4941c1.3807 0 2.5 1.1193 2.5 2.5 0 .3126-.0574.6118-.1622.8877.6985.4433 1.1622 1.2237 1.1622 2.1123 0 .8835-.4583 1.6599-1.1501 2.1046.0969.278.1501.5798.1501.8954 0 .9277-.4594 1.7373-1.1415 2.1688.0916.26.1415.5398.1415.8312 0 1.3807-1.1193 2.5-2.5 2.5l-8.0009-.0055-.2943-.0002h-.0113v-2h.0061l8.3004.0057a.5.5 0 0 0 0-1l-.5848.0102v-.0138c-.5126-.043-.9152-.4727-.9152-.9964 0-.5523.4477-1 1-1h1.7272c.1059 0 .2728-.1836.2728-.5s-.1669-.5-.2728-.5h-1.7272c-.5523 0-1-.4477-1-1s.4477-1 1-1h1.7272Z"
      fillRule="evenodd"
    />
  </g>
</svg>
`;
