// Jest Snapshot v1, https://goo.gl/fbAQLP

exports[`<TwitterBlackIcon> should render correctly 1`] = `
.c0 {
  height: 24px;
  width: 24px;
  min-height: 24px;
  min-width: 24px;
  -webkit-user-select: auto;
  -moz-user-select: auto;
  -ms-user-select: auto;
  user-select: auto;
  pointer-events: auto;
  fill: #1C2025;
}

<svg
  className="c0"
  color={null}
  disabled={false}
  role="presentation"
  selected={false}
  size={null}
  viewBox="0 0 24 24"
>
  <g>
    <g
      opacity=".25"
    >
      <path
        d="M12 24c6.6274 0 12-5.3726 12-12S18.6274 0 12 0 0 5.3726 0 12s5.3726 12 12 12Z"
        fill="#292F33"
      />
      <path
        d="M9.8038 18.33c5.322 0 8.232-4.41 8.232-8.232 0-.126 0-.252-.006-.372a5.9274 5.9274 0 0 0 1.446-1.5c-.516.228-1.074.384-1.662.456.6-.36 1.056-.924 1.272-1.602-.558.33-1.176.57-1.836.702-.528-.564-1.278-.912-2.112-.912-1.596 0-2.892 1.296-2.892 2.892 0 .228.024.45.078.66-2.406-.12-4.536-1.272-5.964-3.024-.246.426-.39.924-.39 1.452 0 1.002.51 1.89 1.29 2.406-.474-.012-.918-.144-1.308-.36v.036c0 1.404.996 2.568 2.322 2.838-.24.066-.498.102-.762.102-.186 0-.366-.018-.546-.054.366 1.152 1.434 1.986 2.7 2.01-.99.774-2.238 1.236-3.594 1.236-.234 0-.462-.012-.69-.042 1.266.828 2.79 1.308 4.422 1.308Z"
        fill="#fff"
      />
    </g>
  </g>
</svg>
`;
