// Jest Snapshot v1, https://goo.gl/fbAQLP

exports[`<UnlockSolidIcon> should render correctly 1`] = `
.c0 {
  height: 24px;
  width: 24px;
  min-height: 24px;
  min-width: 24px;
  -webkit-user-select: auto;
  -moz-user-select: auto;
  -ms-user-select: auto;
  user-select: auto;
  pointer-events: auto;
  fill: #1C2025;
}

<svg
  className="c0"
  color={null}
  disabled={false}
  role="presentation"
  selected={false}
  size={null}
  viewBox="0 0 24 24"
>
  <g>
    <path
      clipRule="evenodd"
      d="M7 7v1H5c-1.1046 0-2 .8954-2 2v10c0 1.1046.8954 2 2 2h14c1.1046 0 2-.8954 2-2V10c0-1.1046-.8954-2-2-2H9V7c0-1.6569 1.3431-3 3-3 1.2108 0 2.2882.7234 2.7583 1.817l1.8374-.7898C15.8304 3.2468 14.0608 2 12 2 9.2386 2 7 4.2386 7 7Zm5.9686 8.7502C13.5837 15.4091 14 14.7532 14 14c0-1.1046-.8954-2-2-2s-2 .8954-2 2c0 .7532.4163 1.4091 1.0314 1.7502A1.004 1.004 0 0 0 11 16v1c0 .5523.4477 1 1 1s1-.4477 1-1v-1a1.004 1.004 0 0 0-.0314-.2498Z"
      fillRule="evenodd"
    />
  </g>
</svg>
`;
